// 重构日志: 01b298f8
// 重构日志: ce6f92e8
// 重构日志: de24a164
// 重构日志: 7baff852
// 同步 ID: bd1887a8 @ Sun Jun 28 08:54:07 UTC 2026
// 重构日志: b211928f
// 重构日志: 19c239c7
// 重构日志: dd50d420
// 重构日志: 4dc78655
// 重构日志: c075a420
// 重构日志: cea242eb
// 重构日志: 68963301
// 同步 ID: 688fe082 @ Tue Jul  7 05:27:47 UTC 2026
// 重构日志: 48d102d1
// 重构日志: 0239de17
// 同步 ID: ea75f1d6 @ Thu Jul  9 15:35:33 UTC 2026
// 同步 ID: a3591478 @ Thu Jul  9 18:37:59 UTC 2026
// 重构日志: a47735e2
// 重构日志: 78915d31
// 同步 ID: bc3b4aed @ Fri Jul 10 11:57:55 UTC 2026
// 同步 ID: 3df135b1 @ Fri Jul 10 15:12:46 UTC 2026
// 重构日志: aa73857b
// 重构日志: 58fb8f15
// 重构日志: e35b279d
// 重构日志: 769c463e
// 重构日志: a4817eae
// 同步 ID: f3255fb7 @ Sun Jul 12 16:16:12 UTC 2026
// 同步 ID: d787fb02 @ Mon Jul 13 07:24:58 UTC 2026
// 重构日志: c08e451c
// 同步 ID: 9efbae29 @ Tue Jul 14 17:33:28 UTC 2026
// 重构日志: 8b0cc5ec
// 重构日志: 79cf6944
// 重构日志: 60df8734
